  Определение проектов для восстановления...
  Все проекты обновлены для восстановления.
  BusinessAnalytics.API -> C:\repos\income_analitics\BusinessAnalytics.API\bin\Debug\net10.0\BusinessAnalytics.API.dll
C:\repos\income_analitics\BusinessAnalytics.Tests\OrdersControllerTests.cs(162,9): warning CS8602: Разыменование вероятной пустой ссылки. [C:\repos\income_analitics\BusinessAnalytics.Tests\BusinessAnalytics.Tests.csproj]
  BusinessAnalytics.Tests -> C:\repos\income_analitics\BusinessAnalytics.Tests\bin\Debug\net10.0\BusinessAnalytics.Tests.dll
Тестовый запуск для C:\repos\income_analitics\BusinessAnalytics.Tests\bin\Debug\net10.0\BusinessAnalytics.Tests.dll (.NETCoreApp,Version=v10.0)
Версия VSTest 18.0.1 (x64)

Запуск выполнения тестов; подождите...
Общее количество тестовых файлов (1), соответствующих указанному шаблону.

Пройден!   : не пройдено     0, пройдено    11, пропущено     0, всего    11, длительность 2 s. - BusinessAnalytics.Tests.dll (net10.0)
